curl \
	"https://api.themoviedb.org/3/search/movie?language=en-US&api_key=xxx&query=query&region=US&with_release_type=3&page=0"